Depending pass:  \--WARNING----------
Conflict `foo' name between slot and local.
Line 7 column 7 in MAIN(.../test/11/main.li):
  + foo:INTEGER; 
       ^

Line 10 column 9 in MAIN(.../test/11/main.li):
  ( + foo:INTEGER; 
         ^
|3
Executing pass: *...*.. (7)
 => 1 warning(s).
