Depending pass:  \--WARNING----------
Local slot `foo' not used.
Line 9 column 9 in MAIN(.../test/10/main.li):
    + foo:INTEGER; 
         ^
--WARNING----------
Double declaration for `foo' slot.
Line 8 column 9 in MAIN(.../test/10/main.li):
  ( + foo:INTEGER; 
         ^

Line 9 column 9 in MAIN(.../test/10/main.li):
    + foo:INTEGER; 
         ^
--WARNING----------
Local slot `foo' not used.
Line 8 column 9 in MAIN(.../test/10/main.li):
  ( + foo:INTEGER; 
         ^
|3
Executing pass: *...*.. (7)
 => 3 warning(s).
