Depending pass:  \|3
Executing pass: *...*.. (7)
